// Vitest Snapshot v1, https://vitest.dev/guide/snapshot.html

exports[`snapshots > echoes style v1 snapshots 1`] = `
[
  "<svg xmlns="http://www.w3.org/2000/svg" width="128" height="128" viewBox="0 0 128 128">
  <defs>
    <radialGradient id="bg-273241187" gradientUnits="userSpaceOnUse" cx="62.06" cy="55.07" r="96">
      <stop offset="0%" stop-color="#F2ECE2" />
      <stop offset="100%" stop-color="#E8F0EB" />
    </radialGradient>
    <radialGradient id="o0-273241187">
      <stop offset="0%" stop-color="#D4AA82" stop-opacity="0.49" />
      <stop offset="60%" stop-color="#D4AA82" stop-opacity="0.17" />
      <stop offset="100%" stop-color="#D4AA82" stop-opacity="0" />
    </radialGradient>
    <radialGradient id="o1-273241187">
      <stop offset="0%" stop-color="#85B498" stop-opacity="0.48" />
      <stop offset="60%" stop-color="#85B498" stop-opacity="0.17" />
      <stop offset="100%" stop-color="#85B498" stop-opacity="0" />
    </radialGradient>
    <radialGradient id="gl-273241187">
      <stop offset="0%" stop-color="#F5DCC6" stop-opacity="0.4" />
      <stop offset="50%" stop-color="#F5DCC6" stop-opacity="0.15" />
      <stop offset="100%" stop-color="#F5DCC6" stop-opacity="0" />
    </radialGradient>
  </defs>
  <rect width="128" height="128" fill="url(#bg-273241187)" />
  <ellipse cx="96.73" cy="89.61" rx="59.77" ry="45.71" fill="url(#o0-273241187)" transform="rotate(125.67 96.73 89.61)" />
  <ellipse cx="37.72" cy="97.21" rx="40.83" ry="61.23" fill="url(#o1-273241187)" transform="rotate(2.75 37.72 97.21)" />
  <circle cx="65.69" cy="54.13" r="29.84" fill="url(#gl-273241187)" />
</svg>",
  "<svg xmlns="http://www.w3.org/2000/svg" width="128" height="128" viewBox="0 0 128 128">
  <defs>
    <radialGradient id="bg-543530576" gradientUnits="userSpaceOnUse" cx="70.22" cy="52.76" r="96">
      <stop offset="0%" stop-color="#E8F0EB" />
      <stop offset="100%" stop-color="#ECE8F2" />
    </radialGradient>
    <radialGradient id="o0-543530576">
      <stop offset="0%" stop-color="#7DB596" stop-opacity="0.59" />
      <stop offset="60%" stop-color="#7DB596" stop-opacity="0.21" />
      <stop offset="100%" stop-color="#7DB596" stop-opacity="0" />
    </radialGradient>
    <radialGradient id="o1-543530576">
      <stop offset="0%" stop-color="#C2B5D6" stop-opacity="0.46" />
      <stop offset="60%" stop-color="#C2B5D6" stop-opacity="0.16" />
      <stop offset="100%" stop-color="#C2B5D6" stop-opacity="0" />
    </radialGradient>
    <radialGradient id="o2-543530576">
      <stop offset="0%" stop-color="#F2E6D0" stop-opacity="0.46" />
      <stop offset="60%" stop-color="#F2E6D0" stop-opacity="0.16" />
      <stop offset="100%" stop-color="#F2E6D0" stop-opacity="0" />
    </radialGradient>
    <radialGradient id="gl-543530576">
      <stop offset="0%" stop-color="#F2E6D0" stop-opacity="0.4" />
      <stop offset="50%" stop-color="#F2E6D0" stop-opacity="0.15" />
      <stop offset="100%" stop-color="#F2E6D0" stop-opacity="0" />
    </radialGradient>
  </defs>
  <rect width="128" height="128" fill="url(#bg-543530576)" />
  <ellipse cx="35.6" cy="43.35" rx="37.86" ry="53.16" fill="url(#o0-543530576)" transform="rotate(68.97 35.6 43.35)" />
  <ellipse cx="60.86" cy="107.73" rx="45.48" ry="46.84" fill="url(#o1-543530576)" transform="rotate(91.47 60.86 107.73)" />
  <ellipse cx="53.27" cy="79.93" rx="44.85" ry="55.92" fill="url(#o2-543530576)" transform="rotate(162.92 53.27 79.93)" />
  <circle cx="58.27" cy="66.67" r="40.87" fill="url(#gl-543530576)" />
</svg>",
  "<svg xmlns="http://www.w3.org/2000/svg" width="128" height="128" viewBox="0 0 128 128">
  <defs>
    <radialGradient id="bg-976140703" gradientUnits="userSpaceOnUse" cx="62.89" cy="71.22" r="96">
      <stop offset="0%" stop-color="#E8F0EB" />
      <stop offset="100%" stop-color="#EEEAD8" />
    </radialGradient>
    <radialGradient id="o0-976140703">
      <stop offset="0%" stop-color="#7DB596" stop-opacity="0.57" />
      <stop offset="60%" stop-color="#7DB596" stop-opacity="0.2" />
      <stop offset="100%" stop-color="#7DB596" stop-opacity="0" />
    </radialGradient>
    <radialGradient id="o1-976140703">
      <stop offset="0%" stop-color="#CCA860" stop-opacity="0.42" />
      <stop offset="60%" stop-color="#CCA860" stop-opacity="0.15" />
      <stop offset="100%" stop-color="#CCA860" stop-opacity="0" />
    </radialGradient>
    <radialGradient id="gl-976140703">
      <stop offset="0%" stop-color="#F2E8CA" stop-opacity="0.4" />
      <stop offset="50%" stop-color="#F2E8CA" stop-opacity="0.15" />
      <stop offset="100%" stop-color="#F2E8CA" stop-opacity="0" />
    </radialGradient>
  </defs>
  <rect width="128" height="128" fill="url(#bg-976140703)" />
  <ellipse cx="48.98" cy="41.24" rx="61.09" ry="50.56" fill="url(#o0-976140703)" transform="rotate(30.67 48.98 41.24)" />
  <ellipse cx="77.87" cy="54.66" rx="46.88" ry="41.01" fill="url(#o1-976140703)" transform="rotate(176.8 77.87 54.66)" />
  <circle cx="48.36" cy="68.17" r="38.7" fill="url(#gl-976140703)" />
</svg>",
  "<svg xmlns="http://www.w3.org/2000/svg" width="128" height="128" viewBox="0 0 128 128">
  <defs>
    <radialGradient id="bg-484418221" gradientUnits="userSpaceOnUse" cx="52.9" cy="74.26" r="96">
      <stop offset="0%" stop-color="#ECE9E2" />
      <stop offset="100%" stop-color="#E8EEE8" />
    </radialGradient>
    <radialGradient id="o0-484418221">
      <stop offset="0%" stop-color="#7A9E85" stop-opacity="0.45" />
      <stop offset="60%" stop-color="#7A9E85" stop-opacity="0.16" />
      <stop offset="100%" stop-color="#7A9E85" stop-opacity="0" />
    </radialGradient>
    <radialGradient id="o1-484418221">
      <stop offset="0%" stop-color="#B5A08A" stop-opacity="0.58" />
      <stop offset="60%" stop-color="#B5A08A" stop-opacity="0.2" />
      <stop offset="100%" stop-color="#B5A08A" stop-opacity="0" />
    </radialGradient>
    <radialGradient id="o2-484418221">
      <stop offset="0%" stop-color="#E6DAC8" stop-opacity="0.48" />
      <stop offset="60%" stop-color="#E6DAC8" stop-opacity="0.17" />
      <stop offset="100%" stop-color="#E6DAC8" stop-opacity="0" />
    </radialGradient>
    <radialGradient id="gl-484418221">
      <stop offset="0%" stop-color="#E6DAC8" stop-opacity="0.4" />
      <stop offset="50%" stop-color="#E6DAC8" stop-opacity="0.15" />
      <stop offset="100%" stop-color="#E6DAC8" stop-opacity="0" />
    </radialGradient>
  </defs>
  <rect width="128" height="128" fill="url(#bg-484418221)" />
  <ellipse cx="48.56" cy="106.01" rx="42.45" ry="62.16" fill="url(#o0-484418221)" transform="rotate(113.58 48.56 106.01)" />
  <ellipse cx="46.48" cy="52.14" rx="51.48" ry="48.09" fill="url(#o1-484418221)" transform="rotate(156.56 46.48 52.14)" />
  <ellipse cx="92.61" cy="24.42" rx="41.9" ry="59.07" fill="url(#o2-484418221)" transform="rotate(60.35 92.61 24.42)" />
  <circle cx="79.82" cy="69.38" r="39.19" fill="url(#gl-484418221)" />
</svg>",
  "<svg xmlns="http://www.w3.org/2000/svg" width="128" height="128" viewBox="0 0 128 128">
  <defs>
    <radialGradient id="bg-102335748" gradientUnits="userSpaceOnUse" cx="64.88" cy="68.28" r="96">
      <stop offset="0%" stop-color="#E8F0EB" />
      <stop offset="100%" stop-color="#EEEAD8" />
    </radialGradient>
    <radialGradient id="o0-102335748">
      <stop offset="0%" stop-color="#7DB596" stop-opacity="0.55" />
      <stop offset="60%" stop-color="#7DB596" stop-opacity="0.19" />
      <stop offset="100%" stop-color="#7DB596" stop-opacity="0" />
    </radialGradient>
    <radialGradient id="o1-102335748">
      <stop offset="0%" stop-color="#CCA860" stop-opacity="0.49" />
      <stop offset="60%" stop-color="#CCA860" stop-opacity="0.17" />
      <stop offset="100%" stop-color="#CCA860" stop-opacity="0" />
    </radialGradient>
    <radialGradient id="gl-102335748">
      <stop offset="0%" stop-color="#F2E8CA" stop-opacity="0.4" />
      <stop offset="50%" stop-color="#F2E8CA" stop-opacity="0.15" />
      <stop offset="100%" stop-color="#F2E8CA" stop-opacity="0" />
    </radialGradient>
  </defs>
  <rect width="128" height="128" fill="url(#bg-102335748)" />
  <ellipse cx="80.7" cy="38" rx="53.54" ry="61.99" fill="url(#o0-102335748)" transform="rotate(157.15 80.7 38)" />
  <ellipse cx="66.51" cy="21.14" rx="58.77" ry="58.95" fill="url(#o1-102335748)" transform="rotate(12.43 66.51 21.14)" />
  <circle cx="78.42" cy="65.85" r="34.49" fill="url(#gl-102335748)" />
</svg>",
]
`;
